[     450ms] [ERROR] Failed to load resource: the server responded with a status of 404 (Not Found) @ http://localhost:4321/favicon.ico:0
[     530ms] [WARNING] Please ensure that the container has a non-static position, like 'relative', 'fixed', or 'absolute' to ensure scroll offset is calculated correctly. @ http://localhost:4321/node_modules/.vite/deps/chunk-B53UTRTY.js?v=e4892804:194
[    6158ms] [ERROR] Failed to load resource: the server responded with a status of 404 (Not Found) @ http://localhost:4321/files/blog/diary/japan-around-trip/assets/CleanShot_2025-07-03_23.16.39@2x.png:0
[    6167ms] [ERROR] Failed to load resource: the server responded with a status of 404 (Not Found) @ http://localhost:4321/files/blog/diary/japan-around-trip/assets/CleanShot_2025-07-03_23.14.25@2x.png:0
[    6183ms] [ERROR] Failed to load resource: the server responded with a status of 404 (Not Found) @ http://localhost:4321/files/blog/diary/japan-around-trip/assets/CleanShot_2025-07-03_23.40.46@2x.png:0
[    6200ms] [ERROR] Failed to load resource: the server responded with a status of 404 (Not Found) @ http://localhost:4321/files/blog/diary/japan-around-trip/assets/CleanShot_2025-07-03_23.20.36@2x.png:0
[    6218ms] [ERROR] Failed to load resource: the server responded with a status of 404 (Not Found) @ http://localhost:4321/files/blog/diary/japan-around-trip/assets/CleanShot_2025-07-03_23.23.51@2x.png:0
[    6244ms] [ERROR] Failed to load resource: the server responded with a status of 404 (Not Found) @ http://localhost:4321/files/blog/diary/japan-around-trip/assets/CleanShot_2025-07-03_23.37.33@2x.png:0
[    6374ms] [ERROR] Failed to load resource: the server responded with a status of 404 (Not Found) @ http://localhost:4321/files/blog/diary/japan-around-trip/assets/CleanShot_2025-07-03_23.33.54@2x.png:0
[    6379ms] [ERROR] Failed to load resource: the server responded with a status of 404 (Not Found) @ http://localhost:4321/files/blog/diary/japan-around-trip/assets/CleanShot_2025-07-03_23.44.19@2x.png:0
[    6379ms] [ERROR] Failed to load resource: the server responded with a status of 404 (Not Found) @ http://localhost:4321/files/blog/diary/japan-around-trip/assets/DA1716B6-79DA-4D9A-AA87-600A020DF09E_1_105_c.jpeg:0
[    6380ms] [ERROR] Failed to load resource: the server responded with a status of 404 (Not Found) @ http://localhost:4321/files/blog/diary/japan-around-trip/assets/CleanShot_2025-07-03_23.46.28@2x.png:0
[    6380ms] [ERROR] Failed to load resource: the server responded with a status of 404 (Not Found) @ http://localhost:4321/files/blog/diary/japan-around-trip/assets/5A7822F0-141C-4653-9114-9CC1CD6AB6A2_1_105_c.jpeg:0
[    6381ms] [ERROR] Failed to load resource: the server responded with a status of 404 (Not Found) @ http://localhost:4321/files/blog/diary/japan-around-trip/assets/CC667E1B-7FDB-4965-9F11-8E249601FBE2_1_105_c.jpeg:0
[    6441ms] [ERROR] Failed to load resource: the server responded with a status of 404 (Not Found) @ http://localhost:4321/files/blog/diary/japan-around-trip/assets/4CC1C0A0-1D06-40F0-A564-8B744AB2CA70_1_105_c.jpeg:0
[    6441ms] [ERROR] Failed to load resource: the server responded with a status of 404 (Not Found) @ http://localhost:4321/files/blog/diary/japan-around-trip/assets/3B74DC31-508C-4559-9877-974752BE3BFE_1_105_c.jpeg:0
[    6442ms] [ERROR] Failed to load resource: the server responded with a status of 404 (Not Found) @ http://localhost:4321/files/blog/diary/japan-around-trip/assets/28424C13-265A-47B4-B28D-9C6622336101_1_105_c.jpeg:0
[    6447ms] [ERROR] Failed to load resource: the server responded with a status of 404 (Not Found) @ http://localhost:4321/files/blog/diary/japan-around-trip/assets/CleanShot_2025-10-25_14.36.02.png:0
[    6467ms] [ERROR] Failed to load resource: the server responded with a status of 404 (Not Found) @ http://localhost:4321/files/blog/diary/japan-around-trip/assets/DA05E01B-7A71-4F0A-AE3F-2B3F2863FAB5_1_105_c.jpeg:0
[    9970ms] [ERROR] Failed to load resource: the server responded with a status of 404 () @ https://giscus.app/api/discussions?repo=JunjaK%2Fastro-blog&term=blog%2Fdiary%2Fjapan-around-trip%2F24_12-20&category=General&number=0&strict=true&first=15:0
[    9970ms] [ERROR] Failed to load resource: the server responded with a status of 404 () @ https://giscus.app/api/discussions?repo=JunjaK%2Fastro-blog&term=blog%2Fdiary%2Fjapan-around-trip%2F24_12-20&category=General&number=0&strict=true&last=15:0
[    9977ms] [WARNING] [giscus] Discussion not found. A new discussion will be created if a comment/reaction is submitted. @ http://localhost:4321/node_modules/.vite/deps/giscus-Ci9LqPcC-X2ZIAMGX.js?v=e4892804:780
[   10081ms] [WARNING] [giscus] Discussion not found. A new discussion will be created if a comment/reaction is submitted. @ http://localhost:4321/node_modules/.vite/deps/giscus-Ci9LqPcC-X2ZIAMGX.js?v=e4892804:780
