[     230ms] [WARNING] Please ensure that the container has a non-static position, like 'relative', 'fixed', or 'absolute' to ensure scroll offset is calculated correctly. @ http://localhost:4321/node_modules/.vite/deps/chunk-B53UTRTY.js?v=e4892804:194
[  365117ms] [WARNING] Please ensure that the container has a non-static position, like 'relative', 'fixed', or 'absolute' to ensure scroll offset is calculated correctly. @ http://localhost:4321/node_modules/.vite/deps/chunk-B53UTRTY.js?v=e4892804:194
[  398224ms] [WARNING] Please ensure that the container has a non-static position, like 'relative', 'fixed', or 'absolute' to ensure scroll offset is calculated correctly. @ http://localhost:4321/node_modules/.vite/deps/chunk-B53UTRTY.js?v=e4892804:194
[  417504ms] [WARNING] Please ensure that the container has a non-static position, like 'relative', 'fixed', or 'absolute' to ensure scroll offset is calculated correctly. @ http://localhost:4321/node_modules/.vite/deps/chunk-B53UTRTY.js?v=e4892804:194
[  422216ms] [WARNING] Please ensure that the container has a non-static position, like 'relative', 'fixed', or 'absolute' to ensure scroll offset is calculated correctly. @ http://localhost:4321/node_modules/.vite/deps/chunk-B53UTRTY.js?v=e4892804:194
[  611930ms] [ERROR] WebSocket connection to 'ws://localhost:4321/' failed: Error in connection establishment: net::ERR_CONNECTION_REFUSED @ http://localhost:4321/@vite/client:1766
[  615356ms] [WARNING] Please ensure that the container has a non-static position, like 'relative', 'fixed', or 'absolute' to ensure scroll offset is calculated correctly. @ http://localhost:4321/node_modules/.vite/deps/chunk-B53UTRTY.js?v=63cac2a6:194
[  661193ms] [WARNING] Please ensure that the container has a non-static position, like 'relative', 'fixed', or 'absolute' to ensure scroll offset is calculated correctly. @ http://localhost:4321/node_modules/.vite/deps/chunk-B53UTRTY.js?v=466eb9c6:194
[  662941ms] [WARNING] Please ensure that the container has a non-static position, like 'relative', 'fixed', or 'absolute' to ensure scroll offset is calculated correctly. @ http://localhost:4321/node_modules/.vite/deps/chunk-B53UTRTY.js?v=466eb9c6:194
[  668043ms] [WARNING] Please ensure that the container has a non-static position, like 'relative', 'fixed', or 'absolute' to ensure scroll offset is calculated correctly. @ http://localhost:4321/node_modules/.vite/deps/chunk-B53UTRTY.js?v=466eb9c6:194
[  668736ms] [WARNING] Please ensure that the container has a non-static position, like 'relative', 'fixed', or 'absolute' to ensure scroll offset is calculated correctly. @ http://localhost:4321/node_modules/.vite/deps/chunk-B53UTRTY.js?v=466eb9c6:194
[  674215ms] [WARNING] Please ensure that the container has a non-static position, like 'relative', 'fixed', or 'absolute' to ensure scroll offset is calculated correctly. @ http://localhost:4321/node_modules/.vite/deps/chunk-B53UTRTY.js?v=466eb9c6:194
[  732748ms] [WARNING] Please ensure that the container has a non-static position, like 'relative', 'fixed', or 'absolute' to ensure scroll offset is calculated correctly. @ http://localhost:4321/node_modules/.vite/deps/chunk-B53UTRTY.js?v=466eb9c6:194
[ 2507345ms] [WARNING] Please ensure that the container has a non-static position, like 'relative', 'fixed', or 'absolute' to ensure scroll offset is calculated correctly. @ http://localhost:4321/node_modules/.vite/deps/chunk-B53UTRTY.js?v=466eb9c6:194
[ 2614521ms] [WARNING] Please ensure that the container has a non-static position, like 'relative', 'fixed', or 'absolute' to ensure scroll offset is calculated correctly. @ http://localhost:4321/node_modules/.vite/deps/chunk-B53UTRTY.js?v=466eb9c6:194
[ 3004372ms] [WARNING] Please ensure that the container has a non-static position, like 'relative', 'fixed', or 'absolute' to ensure scroll offset is calculated correctly. @ http://localhost:4321/node_modules/.vite/deps/chunk-B53UTRTY.js?v=466eb9c6:194
[ 3062968ms] [WARNING] Please ensure that the container has a non-static position, like 'relative', 'fixed', or 'absolute' to ensure scroll offset is calculated correctly. @ http://localhost:4321/node_modules/.vite/deps/chunk-B53UTRTY.js?v=466eb9c6:194
[ 3559169ms] [WARNING] Please ensure that the container has a non-static position, like 'relative', 'fixed', or 'absolute' to ensure scroll offset is calculated correctly. @ http://localhost:4321/node_modules/.vite/deps/chunk-B53UTRTY.js?v=466eb9c6:194
[ 3824976ms] [WARNING] Please ensure that the container has a non-static position, like 'relative', 'fixed', or 'absolute' to ensure scroll offset is calculated correctly. @ http://localhost:4321/node_modules/.vite/deps/chunk-B53UTRTY.js?v=466eb9c6:194
[ 3835532ms] [WARNING] Please ensure that the container has a non-static position, like 'relative', 'fixed', or 'absolute' to ensure scroll offset is calculated correctly. @ http://localhost:4321/node_modules/.vite/deps/chunk-B53UTRTY.js?v=466eb9c6:194
[ 3841686ms] [WARNING] Please ensure that the container has a non-static position, like 'relative', 'fixed', or 'absolute' to ensure scroll offset is calculated correctly. @ http://localhost:4321/node_modules/.vite/deps/chunk-B53UTRTY.js?v=466eb9c6:194
[ 4432743ms] [WARNING] Please ensure that the container has a non-static position, like 'relative', 'fixed', or 'absolute' to ensure scroll offset is calculated correctly. @ http://localhost:4321/node_modules/.vite/deps/chunk-B53UTRTY.js?v=466eb9c6:194
[ 4434580ms] [WARNING] Please ensure that the container has a non-static position, like 'relative', 'fixed', or 'absolute' to ensure scroll offset is calculated correctly. @ http://localhost:4321/node_modules/.vite/deps/chunk-B53UTRTY.js?v=466eb9c6:194
[ 4608581ms] [WARNING] Please ensure that the container has a non-static position, like 'relative', 'fixed', or 'absolute' to ensure scroll offset is calculated correctly. @ http://localhost:4321/node_modules/.vite/deps/chunk-B53UTRTY.js?v=466eb9c6:194
[ 4852978ms] [WARNING] Please ensure that the container has a non-static position, like 'relative', 'fixed', or 'absolute' to ensure scroll offset is calculated correctly. @ http://localhost:4321/node_modules/.vite/deps/chunk-B53UTRTY.js?v=466eb9c6:194
[ 5081863ms] [WARNING] Please ensure that the container has a non-static position, like 'relative', 'fixed', or 'absolute' to ensure scroll offset is calculated correctly. @ http://localhost:4321/node_modules/.vite/deps/chunk-B53UTRTY.js?v=466eb9c6:194
[ 5184607ms] [WARNING] Please ensure that the container has a non-static position, like 'relative', 'fixed', or 'absolute' to ensure scroll offset is calculated correctly. @ http://localhost:4321/node_modules/.vite/deps/chunk-B53UTRTY.js?v=466eb9c6:194
[ 5271176ms] [WARNING] Please ensure that the container has a non-static position, like 'relative', 'fixed', or 'absolute' to ensure scroll offset is calculated correctly. @ http://localhost:4321/node_modules/.vite/deps/chunk-B53UTRTY.js?v=466eb9c6:194
[ 5359429ms] [WARNING] Please ensure that the container has a non-static position, like 'relative', 'fixed', or 'absolute' to ensure scroll offset is calculated correctly. @ http://localhost:4321/node_modules/.vite/deps/chunk-B53UTRTY.js?v=466eb9c6:194
[ 5443818ms] [WARNING] Please ensure that the container has a non-static position, like 'relative', 'fixed', or 'absolute' to ensure scroll offset is calculated correctly. @ http://localhost:4321/node_modules/.vite/deps/chunk-B53UTRTY.js?v=466eb9c6:194
[ 5775108ms] [WARNING] Please ensure that the container has a non-static position, like 'relative', 'fixed', or 'absolute' to ensure scroll offset is calculated correctly. @ http://localhost:4321/node_modules/.vite/deps/chunk-B53UTRTY.js?v=466eb9c6:194
[ 6144343ms] [WARNING] Please ensure that the container has a non-static position, like 'relative', 'fixed', or 'absolute' to ensure scroll offset is calculated correctly. @ http://localhost:4321/node_modules/.vite/deps/chunk-B53UTRTY.js?v=466eb9c6:194
[ 6159440ms] [WARNING] Please ensure that the container has a non-static position, like 'relative', 'fixed', or 'absolute' to ensure scroll offset is calculated correctly. @ http://localhost:4321/node_modules/.vite/deps/chunk-B53UTRTY.js?v=466eb9c6:194
[ 6175616ms] [WARNING] Please ensure that the container has a non-static position, like 'relative', 'fixed', or 'absolute' to ensure scroll offset is calculated correctly. @ http://localhost:4321/node_modules/.vite/deps/chunk-B53UTRTY.js?v=466eb9c6:194
[ 6190394ms] [WARNING] Please ensure that the container has a non-static position, like 'relative', 'fixed', or 'absolute' to ensure scroll offset is calculated correctly. @ http://localhost:4321/node_modules/.vite/deps/chunk-B53UTRTY.js?v=466eb9c6:194
[ 6202071ms] [WARNING] Please ensure that the container has a non-static position, like 'relative', 'fixed', or 'absolute' to ensure scroll offset is calculated correctly. @ http://localhost:4321/node_modules/.vite/deps/chunk-B53UTRTY.js?v=466eb9c6:194
[ 6203582ms] TypeError: onLoad is not a function
    at http://localhost:4321/src/components/Blog/DiaryGallery/DiarySectionWebGL.tsx?t=1771168475125:42:9
    at http://localhost:4321/node_modules/.vite/deps/chunk-DTHKD4H4.js?v=466eb9c6:24533:9
    at HTMLImageElement.onImageLoad (http://localhost:4321/node_modules/.vite/deps/chunk-DTHKD4H4.js?v=466eb9c6:24339:19)
[ 6203598ms] TypeError: onLoad is not a function
    at http://localhost:4321/src/components/Blog/DiaryGallery/DiarySectionWebGL.tsx?t=1771168475125:42:9
    at http://localhost:4321/node_modules/.vite/deps/chunk-DTHKD4H4.js?v=466eb9c6:24533:9
    at HTMLImageElement.onImageLoad (http://localhost:4321/node_modules/.vite/deps/chunk-DTHKD4H4.js?v=466eb9c6:24339:19)
[ 6203607ms] TypeError: onLoad is not a function
    at http://localhost:4321/src/components/Blog/DiaryGallery/DiarySectionWebGL.tsx?t=1771168475125:42:9
    at http://localhost:4321/node_modules/.vite/deps/chunk-DTHKD4H4.js?v=466eb9c6:24533:9
    at HTMLImageElement.onImageLoad (http://localhost:4321/node_modules/.vite/deps/chunk-DTHKD4H4.js?v=466eb9c6:24339:19)
[ 6203612ms] TypeError: onLoad is not a function
    at http://localhost:4321/src/components/Blog/DiaryGallery/DiarySectionWebGL.tsx?t=1771168475125:42:9
    at http://localhost:4321/node_modules/.vite/deps/chunk-DTHKD4H4.js?v=466eb9c6:24533:9
    at HTMLImageElement.onImageLoad (http://localhost:4321/node_modules/.vite/deps/chunk-DTHKD4H4.js?v=466eb9c6:24339:19)
[ 6203612ms] TypeError: onLoad is not a function
    at http://localhost:4321/src/components/Blog/DiaryGallery/DiarySectionWebGL.tsx?t=1771168475125:42:9
    at http://localhost:4321/node_modules/.vite/deps/chunk-DTHKD4H4.js?v=466eb9c6:24533:9
    at HTMLImageElement.onImageLoad (http://localhost:4321/node_modules/.vite/deps/chunk-DTHKD4H4.js?v=466eb9c6:24339:19)
[ 6203613ms] TypeError: onLoad is not a function
    at http://localhost:4321/src/components/Blog/DiaryGallery/DiarySectionWebGL.tsx?t=1771168475125:42:9
    at http://localhost:4321/node_modules/.vite/deps/chunk-DTHKD4H4.js?v=466eb9c6:24533:9
    at HTMLImageElement.onImageLoad (http://localhost:4321/node_modules/.vite/deps/chunk-DTHKD4H4.js?v=466eb9c6:24339:19)
[ 6699399ms] [WARNING] Please ensure that the container has a non-static position, like 'relative', 'fixed', or 'absolute' to ensure scroll offset is calculated correctly. @ http://localhost:4321/node_modules/.vite/deps/chunk-B53UTRTY.js?v=466eb9c6:194
[ 6714651ms] [ERROR] WebSocket connection to 'ws://localhost:4321/' failed: Error in connection establishment: net::ERR_CONNECTION_REFUSED @ http://localhost:4321/@vite/client:1766
[ 6715653ms] [ERROR] WebSocket connection to 'ws://localhost:4321/' failed: Error in connection establishment: net::ERR_CONNECTION_REFUSED @ http://localhost:4321/@vite/client:1766
[ 6716655ms] [ERROR] WebSocket connection to 'ws://localhost:4321/' failed: Error in connection establishment: net::ERR_CONNECTION_REFUSED @ http://localhost:4321/@vite/client:1766
[ 6717657ms] [ERROR] WebSocket connection to 'ws://localhost:4321/' failed: Error in connection establishment: net::ERR_CONNECTION_REFUSED @ http://localhost:4321/@vite/client:1766
[ 6718659ms] [ERROR] WebSocket connection to 'ws://localhost:4321/' failed: Error in connection establishment: net::ERR_CONNECTION_REFUSED @ http://localhost:4321/@vite/client:1766
[ 6719661ms] [ERROR] WebSocket connection to 'ws://localhost:4321/' failed: Error in connection establishment: net::ERR_CONNECTION_REFUSED @ http://localhost:4321/@vite/client:1766
[ 6720663ms] [ERROR] WebSocket connection to 'ws://localhost:4321/' failed: Error in connection establishment: net::ERR_CONNECTION_REFUSED @ http://localhost:4321/@vite/client:1766
[ 6721668ms] [ERROR] WebSocket connection to 'ws://localhost:4321/' failed: Error in connection establishment: net::ERR_CONNECTION_REFUSED @ http://localhost:4321/@vite/client:1766
[ 6722670ms] [ERROR] WebSocket connection to 'ws://localhost:4321/' failed: Error in connection establishment: net::ERR_CONNECTION_REFUSED @ http://localhost:4321/@vite/client:1766
[ 6723671ms] [ERROR] WebSocket connection to 'ws://localhost:4321/' failed: Error in connection establishment: net::ERR_CONNECTION_REFUSED @ http://localhost:4321/@vite/client:1766
[ 6724673ms] [ERROR] WebSocket connection to 'ws://localhost:4321/' failed: Error in connection establishment: net::ERR_CONNECTION_REFUSED @ http://localhost:4321/@vite/client:1766
[ 6725675ms] [ERROR] WebSocket connection to 'ws://localhost:4321/' failed: Error in connection establishment: net::ERR_CONNECTION_REFUSED @ http://localhost:4321/@vite/client:1766
[ 6726679ms] [ERROR] WebSocket connection to 'ws://localhost:4321/' failed: Error in connection establishment: net::ERR_CONNECTION_REFUSED @ http://localhost:4321/@vite/client:1766
[ 6727683ms] [ERROR] WebSocket connection to 'ws://localhost:4321/' failed: Error in connection establishment: net::ERR_CONNECTION_REFUSED @ http://localhost:4321/@vite/client:1766
[ 6741300ms] [WARNING] Please ensure that the container has a non-static position, like 'relative', 'fixed', or 'absolute' to ensure scroll offset is calculated correctly. @ http://localhost:4321/node_modules/.vite/deps/chunk-B53UTRTY.js?v=aa242c92:194
[ 6958230ms] [WARNING] Please ensure that the container has a non-static position, like 'relative', 'fixed', or 'absolute' to ensure scroll offset is calculated correctly. @ http://localhost:4321/node_modules/.vite/deps/chunk-B53UTRTY.js?v=aa242c92:194
[ 8556893ms] [ERROR] WebSocket connection to 'ws://localhost:4321/' failed: Error in connection establishment: net::ERR_CONNECTION_REFUSED @ http://localhost:4321/@vite/client:1766
[ 8557896ms] [ERROR] WebSocket connection to 'ws://localhost:4321/' failed: Error in connection establishment: net::ERR_CONNECTION_REFUSED @ http://localhost:4321/@vite/client:1766
[ 8558899ms] [ERROR] WebSocket connection to 'ws://localhost:4321/' failed: Error in connection establishment: net::ERR_CONNECTION_REFUSED @ http://localhost:4321/@vite/client:1766
[ 8559901ms] [ERROR] WebSocket connection to 'ws://localhost:4321/' failed: Error in connection establishment: net::ERR_CONNECTION_REFUSED @ http://localhost:4321/@vite/client:1766
[ 8560903ms] [ERROR] WebSocket connection to 'ws://localhost:4321/' failed: Error in connection establishment: net::ERR_CONNECTION_REFUSED @ http://localhost:4321/@vite/client:1766
[ 8561906ms] [ERROR] WebSocket connection to 'ws://localhost:4321/' failed: Error in connection establishment: net::ERR_CONNECTION_REFUSED @ http://localhost:4321/@vite/client:1766
[ 8562909ms] [ERROR] WebSocket connection to 'ws://localhost:4321/' failed: Error in connection establishment: net::ERR_CONNECTION_REFUSED @ http://localhost:4321/@vite/client:1766
[ 8563911ms] [ERROR] WebSocket connection to 'ws://localhost:4321/' failed: Error in connection establishment: net::ERR_CONNECTION_REFUSED @ http://localhost:4321/@vite/client:1766
[ 8564912ms] [ERROR] WebSocket connection to 'ws://localhost:4321/' failed: Error in connection establishment: net::ERR_CONNECTION_REFUSED @ http://localhost:4321/@vite/client:1766
[ 8565915ms] [ERROR] WebSocket connection to 'ws://localhost:4321/' failed: Error in connection establishment: net::ERR_CONNECTION_REFUSED @ http://localhost:4321/@vite/client:1766
[ 8566917ms] [ERROR] WebSocket connection to 'ws://localhost:4321/' failed: Error in connection establishment: net::ERR_CONNECTION_REFUSED @ http://localhost:4321/@vite/client:1766
[ 8567920ms] [ERROR] WebSocket connection to 'ws://localhost:4321/' failed: Error in connection establishment: net::ERR_CONNECTION_REFUSED @ http://localhost:4321/@vite/client:1766
[ 8568922ms] [ERROR] WebSocket connection to 'ws://localhost:4321/' failed: Error in connection establishment: net::ERR_CONNECTION_REFUSED @ http://localhost:4321/@vite/client:1766
[ 8569925ms] [ERROR] WebSocket connection to 'ws://localhost:4321/' failed: Error in connection establishment: net::ERR_CONNECTION_REFUSED @ http://localhost:4321/@vite/client:1766
[ 8570927ms] [ERROR] WebSocket connection to 'ws://localhost:4321/' failed: Error in connection establishment: net::ERR_CONNECTION_REFUSED @ http://localhost:4321/@vite/client:1766
[ 8571929ms] [ERROR] WebSocket connection to 'ws://localhost:4321/' failed: Error in connection establishment: net::ERR_CONNECTION_REFUSED @ http://localhost:4321/@vite/client:1766
[ 8572931ms] [ERROR] WebSocket connection to 'ws://localhost:4321/' failed: Error in connection establishment: net::ERR_CONNECTION_REFUSED @ http://localhost:4321/@vite/client:1766
[ 8573933ms] [ERROR] WebSocket connection to 'ws://localhost:4321/' failed: Error in connection establishment: net::ERR_CONNECTION_REFUSED @ http://localhost:4321/@vite/client:1766
[ 8574935ms] [ERROR] WebSocket connection to 'ws://localhost:4321/' failed: Error in connection establishment: net::ERR_CONNECTION_REFUSED @ http://localhost:4321/@vite/client:1766
[ 8575938ms] [ERROR] WebSocket connection to 'ws://localhost:4321/' failed: Error in connection establishment: net::ERR_CONNECTION_REFUSED @ http://localhost:4321/@vite/client:1766
[ 8576940ms] [ERROR] WebSocket connection to 'ws://localhost:4321/' failed: Error in connection establishment: net::ERR_CONNECTION_REFUSED @ http://localhost:4321/@vite/client:1766
[ 8577942ms] [ERROR] WebSocket connection to 'ws://localhost:4321/' failed: Error in connection establishment: net::ERR_CONNECTION_REFUSED @ http://localhost:4321/@vite/client:1766
[ 8578944ms] [ERROR] WebSocket connection to 'ws://localhost:4321/' failed: Error in connection establishment: net::ERR_CONNECTION_REFUSED @ http://localhost:4321/@vite/client:1766
[ 8579947ms] [ERROR] WebSocket connection to 'ws://localhost:4321/' failed: Error in connection establishment: net::ERR_CONNECTION_REFUSED @ http://localhost:4321/@vite/client:1766
[ 8580949ms] [ERROR] WebSocket connection to 'ws://localhost:4321/' failed: Error in connection establishment: net::ERR_CONNECTION_REFUSED @ http://localhost:4321/@vite/client:1766
[ 8581952ms] [ERROR] WebSocket connection to 'ws://localhost:4321/' failed: Error in connection establishment: net::ERR_CONNECTION_REFUSED @ http://localhost:4321/@vite/client:1766
[ 8582954ms] [ERROR] WebSocket connection to 'ws://localhost:4321/' failed: Error in connection establishment: net::ERR_CONNECTION_REFUSED @ http://localhost:4321/@vite/client:1766
[ 8583956ms] [ERROR] WebSocket connection to 'ws://localhost:4321/' failed: Error in connection establishment: net::ERR_CONNECTION_REFUSED @ http://localhost:4321/@vite/client:1766
[ 8584970ms] [ERROR] WebSocket connection to 'ws://localhost:4321/' failed: Error in connection establishment: net::ERR_CONNECTION_REFUSED @ http://localhost:4321/@vite/client:1766
[ 8585974ms] [ERROR] WebSocket connection to 'ws://localhost:4321/' failed: Error in connection establishment: net::ERR_CONNECTION_REFUSED @ http://localhost:4321/@vite/client:1766
[ 8586979ms] [ERROR] WebSocket connection to 'ws://localhost:4321/' failed: Error in connection establishment: net::ERR_CONNECTION_REFUSED @ http://localhost:4321/@vite/client:1766
[ 8587984ms] [ERROR] WebSocket connection to 'ws://localhost:4321/' failed: Error in connection establishment: net::ERR_CONNECTION_REFUSED @ http://localhost:4321/@vite/client:1766
[ 8588989ms] [ERROR] WebSocket connection to 'ws://localhost:4321/' failed: Error in connection establishment: net::ERR_CONNECTION_REFUSED @ http://localhost:4321/@vite/client:1766
[ 8589995ms] [ERROR] WebSocket connection to 'ws://localhost:4321/' failed: Error in connection establishment: net::ERR_CONNECTION_REFUSED @ http://localhost:4321/@vite/client:1766
[ 8590999ms] [ERROR] WebSocket connection to 'ws://localhost:4321/' failed: Error in connection establishment: net::ERR_CONNECTION_REFUSED @ http://localhost:4321/@vite/client:1766
[ 8592004ms] [ERROR] WebSocket connection to 'ws://localhost:4321/' failed: Error in connection establishment: net::ERR_CONNECTION_REFUSED @ http://localhost:4321/@vite/client:1766
[ 8593007ms] [ERROR] WebSocket connection to 'ws://localhost:4321/' failed: Error in connection establishment: net::ERR_CONNECTION_REFUSED @ http://localhost:4321/@vite/client:1766
[ 8594013ms] [ERROR] WebSocket connection to 'ws://localhost:4321/' failed: Error in connection establishment: net::ERR_CONNECTION_REFUSED @ http://localhost:4321/@vite/client:1766
[ 8595021ms] [ERROR] WebSocket connection to 'ws://localhost:4321/' failed: Error in connection establishment: net::ERR_CONNECTION_REFUSED @ http://localhost:4321/@vite/client:1766
[ 8596026ms] [ERROR] WebSocket connection to 'ws://localhost:4321/' failed: Error in connection establishment: net::ERR_CONNECTION_REFUSED @ http://localhost:4321/@vite/client:1766
[ 8597033ms] [ERROR] WebSocket connection to 'ws://localhost:4321/' failed: Error in connection establishment: net::ERR_CONNECTION_REFUSED @ http://localhost:4321/@vite/client:1766
[ 8598039ms] [ERROR] WebSocket connection to 'ws://localhost:4321/' failed: Error in connection establishment: net::ERR_CONNECTION_REFUSED @ http://localhost:4321/@vite/client:1766
[ 8599049ms] [ERROR] WebSocket connection to 'ws://localhost:4321/' failed: Error in connection establishment: net::ERR_CONNECTION_REFUSED @ http://localhost:4321/@vite/client:1766
[ 8600060ms] [ERROR] WebSocket connection to 'ws://localhost:4321/' failed: Error in connection establishment: net::ERR_CONNECTION_REFUSED @ http://localhost:4321/@vite/client:1766
[ 8601069ms] [ERROR] WebSocket connection to 'ws://localhost:4321/' failed: Error in connection establishment: net::ERR_CONNECTION_REFUSED @ http://localhost:4321/@vite/client:1766
[ 8602078ms] [ERROR] WebSocket connection to 'ws://localhost:4321/' failed: Error in connection establishment: net::ERR_CONNECTION_REFUSED @ http://localhost:4321/@vite/client:1766
[ 8603084ms] [ERROR] WebSocket connection to 'ws://localhost:4321/' failed: Error in connection establishment: net::ERR_CONNECTION_REFUSED @ http://localhost:4321/@vite/client:1766
[ 8604089ms] [ERROR] WebSocket connection to 'ws://localhost:4321/' failed: Error in connection establishment: net::ERR_CONNECTION_REFUSED @ http://localhost:4321/@vite/client:1766
[ 8605096ms] [ERROR] WebSocket connection to 'ws://localhost:4321/' failed: Error in connection establishment: net::ERR_CONNECTION_REFUSED @ http://localhost:4321/@vite/client:1766
[ 8606108ms] [ERROR] WebSocket connection to 'ws://localhost:4321/' failed: Error in connection establishment: net::ERR_CONNECTION_REFUSED @ http://localhost:4321/@vite/client:1766
[ 8607122ms] [ERROR] WebSocket connection to 'ws://localhost:4321/' failed: Error in connection establishment: net::ERR_CONNECTION_REFUSED @ http://localhost:4321/@vite/client:1766
[ 8608132ms] [ERROR] WebSocket connection to 'ws://localhost:4321/' failed: Error in connection establishment: net::ERR_CONNECTION_REFUSED @ http://localhost:4321/@vite/client:1766
[ 8609158ms] [ERROR] WebSocket connection to 'ws://localhost:4321/' failed: Error in connection establishment: net::ERR_CONNECTION_REFUSED @ http://localhost:4321/@vite/client:1766
