=== DiaryGallery Diagnostics ===
Started: 2026-02-19T11:59:55.430Z
Viewport: 390x844 (mobile)

[TEST] Navigating to /blog/diary/25-01-tokyo/01_01-20
[DEBUG] [vite] connecting...
[DEBUG] [vite] connected.
[DEBUG] [astro] Initializing prefetch script
[TEST] Page loaded
[INFO] %cDownload the React DevTools for a better development experience: https://react.dev/link/react-devtools font-weight:bold
[ERROR] Failed to load resource: the server responded with a status of 404 (Not Found)
[ERROR] Failed to load resource: the server responded with a status of 404 ()
[ERROR] Failed to load resource: the server responded with a status of 404 ()
[WARNING] [giscus] Discussion not found. A new discussion will be created if a comment/reaction is submitted.
[WARNING] [giscus] Discussion not found. A new discussion will be created if a comment/reaction is submitted.
[TEST] Page structure: {"shell":true,"sectionCount":1,"canvasCount":1,"bodyHeight":3504,"viewportHeight":844}
[TEST] Scrolling to trigger client:visible hydration...
[TEST] Canvas found after 1 scroll steps
[TEST] Waiting for texture loading...
[WARNING] The resource http://localhost:4321/files/blog/diary/25-01-tokyo/assets/20250120_063147954_iOS.webp was preloaded using link preload but not used within a few seconds from the window's load event. Please make sure it has an appropriate `as` value and it is preloaded intentionally.
[WARNING] The resource http://localhost:4321/files/blog/diary/25-01-tokyo/assets/20250120_020826538_iOS.webp was preloaded using link preload but not used within a few seconds from the window's load event. Please make sure it has an appropriate `as` value and it is preloaded intentionally.
[WARNING] The resource http://localhost:4321/files/blog/diary/25-01-tokyo/assets/20250120_035637959_iOS.webp was preloaded using link preload but not used within a few seconds from the window's load event. Please make sure it has an appropriate `as` value and it is preloaded intentionally.
[WARNING] The resource http://localhost:4321/files/blog/diary/25-01-tokyo/assets/20250120_052312067_iOS.webp was preloaded using link preload but not used within a few seconds from the window's load event. Please make sure it has an appropriate `as` value and it is preloaded intentionally.
[WARNING] The resource http://localhost:4321/files/blog/diary/25-01-tokyo/assets/20250120_055227328_iOS.webp was preloaded using link preload but not used within a few seconds from the window's load event. Please make sure it has an appropriate `as` value and it is preloaded intentionally.
[WARNING] The resource http://localhost:4321/files/blog/diary/25-01-tokyo/assets/20250120_052645307_iOS.webp was preloaded using link preload but not used within a few seconds from the window's load event. Please make sure it has an appropriate `as` value and it is preloaded intentionally.
[WARNING] The resource http://localhost:4321/files/blog/diary/25-01-tokyo/assets/20250120_045428486_iOS.webp was preloaded using link preload but not used within a few seconds from the window's load event. Please make sure it has an appropriate `as` value and it is preloaded intentionally.
[WARNING] The resource http://localhost:4321/files/blog/diary/25-01-tokyo/assets/20250120_045235359_iOS.webp was preloaded using link preload but not used within a few seconds from the window's load event. Please make sure it has an appropriate `as` value and it is preloaded intentionally.
[TEST] After 10s wait: {"canvasCount":1,"loaderCount":1,"canvasVisible":"hidden"}
[TEST] Starting gallery scroll test...
[TEST] Gallery height: 844px
[PAGE_ERROR] Hydration failed because the server rendered text didn't match the client. As a result this tree will be regenerated on the client. This can happen if a SSR-ed Client Component used:

- A server/client branch `if (typeof window !== 'undefined')`.
- Variable input such as `Date.now()` or `Math.random()` which changes each time it's called.
- Date formatting in a user's locale which doesn't match the server.
- External changing data without sending a snapshot of it along with the HTML.
- Invalid HTML tag nesting.

It can also happen if the client has a browser extension installed which messes with the HTML before React loaded.

https://react.dev/link/hydration-mismatch

  <DiaryGalleryUnified sections={[...]}>
    <section ref={{current:null}} className="relative" style={{height:"100vh"}}>
      <div className="sticky top...">
        <div className="absolute i...">
          <span>
          <p className="mt-2 text-...">
+           9
-           7
        ...
    ...

Error: Hydration failed because the server rendered text didn't match the client. As a result this tree will be regenerated on the client. This can happen if a SSR-ed Client Component used:

- A server/client branch `if (typeof window !== 'undefined')`.
- Variable input such as `Date.now()` or `Math.random()` which changes each time it's called.
- Date formatting in a user's locale which doesn't match the server.
- External changing data without sending a snapshot of it along with the HTML.
- Invalid HTML tag nesting.

It can also happen if the client has a browser extension installed which messes with the HTML before React loaded.

https://react.dev/link/hydration-mismatch

  <DiaryGalleryUnified sections={[...]}>
    <section ref={{current:null}} className="relative" style={{height:"100vh"}}>
      <div className="sticky top...">
        <div className="absolute i...">
          <span>
          <p className="mt-2 text-...">
+           9
-           7
        ...
    ...

    at throwOnHydrationMismatch (http://localhost:4321/node_modules/.vite/deps/@astrojs_react_client__js.js?v=5aae7296:3653:13)
    at completeWork (http://localhost:4321/node_modules/.vite/deps/@astrojs_react_client__js.js?v=5aae7296:8873:29)
    at runWithFiberInDEV (http://localhost:4321/node_modules/.vite/deps/@astrojs_react_client__js.js?v=5aae7296:730:72)
    at completeUnitOfWork (http://localhost:4321/node_modules/.vite/deps/@astrojs_react_client__js.js?v=5aae7296:12402:22)
    at performUnitOfWork (http://localhost:4321/node_modules/.vite/deps/@astrojs_react_client__js.js?v=5aae7296:12308:29)
    at workLoopConcurrentByScheduler (http://localhost:4321/node_modules/.vite/deps/@astrojs_react_client__js.js?v=5aae7296:12290:11)
    at renderRootConcurrent (http://localhost:4321/node_modules/.vite/deps/@astrojs_react_client__js.js?v=5aae7296:12272:71)
    at performWorkOnRoot (http://localhost:4321/node_modules/.vite/deps/@astrojs_react_client__js.js?v=5aae7296:11499:152)
    at performWorkOnRootViaSchedulerTask (http://localhost:4321/node_modules/.vite/deps/@astrojs_react_client__js.js?v=5aae7296:13238:9)
    at MessagePort.performWorkUntilDeadline (http://localhost:4321/node_modules/.vite/deps/chunk-AGW57FSW.js?v=ece932f8:30:50)
[LOG] [DG:init] isMobile=false, sections=3, totalImages=20, initialVisible=9
[LOG] [DG:init] VIRTUALIZATION_BUFFER=14, GL_CONFIG={"antialias":true,"alpha":false,"powerPreference":"high-performance","preserveDrawingBuffer":false}
[LOG] [DG:init] visibleRange at progress=0: [0-8]
[LOG] [DG:load] 0/9 (total: 20, allLoaded: false)
[WARNING] Please ensure that the container has a non-static position, like 'relative', 'fixed', or 'absolute' to ensure scroll offset is calculated correctly.
[LOG] [DG:scroll] SECTION CHANGE 0 → 2 at progress=1.0000
[LOG] [DG:webgl] Canvas created. Renderer: ANGLE (Apple, ANGLE Metal Renderer: Apple M1 Pro, Unspecified Version)
[LOG] [DG:webgl] Max texture size: 16384, Max renderbuffer: 16384
[LOG] [DG:plane] MOUNT #0 20250120_020826538_iOS.webp
[LOG] [DG:plane] #0 CACHE MISS 20250120_020826538_iOS.webp → loading
[LOG] [DG:plane] MOUNT #1 20250120_035637959_iOS.webp
[LOG] [DG:plane] #1 CACHE MISS 20250120_035637959_iOS.webp → loading
[LOG] [DG:plane] MOUNT #2 20250120_045235359_iOS.webp
[LOG] [DG:plane] #2 CACHE MISS 20250120_045235359_iOS.webp → loading
[LOG] [DG:plane] MOUNT #3 20250120_045428486_iOS.webp
[LOG] [DG:plane] #3 CACHE MISS 20250120_045428486_iOS.webp → loading
[LOG] [DG:plane] MOUNT #4 20250120_063147954_iOS.webp
[LOG] [DG:plane] #4 CACHE MISS 20250120_063147954_iOS.webp → loading
[LOG] [DG:plane] MOUNT #5 20250120_052312067_iOS.webp
[LOG] [DG:plane] #5 CACHE MISS 20250120_052312067_iOS.webp → loading
[LOG] [DG:plane] MOUNT #6 20250120_052645307_iOS.webp
[LOG] [DG:plane] #6 CACHE MISS 20250120_052645307_iOS.webp → loading
[LOG] [DG:plane] MOUNT #7 20250120_055227328_iOS.webp
[LOG] [DG:plane] #7 CACHE MISS 20250120_055227328_iOS.webp → loading
[LOG] [DG:plane] MOUNT #8 20250120_071735381_iOS.webp
[LOG] [DG:plane] #8 CACHE MISS 20250120_071735381_iOS.webp → loading
[LOG] [DG:tex] LOAD START 20250120_020826538_iOS.webp (concurrent: 2/2, queued: 7, cached: 0)
[WARNING] A preload for 'http://localhost:4321/files/blog/diary/25-01-tokyo/assets/20250120_020826538_iOS.webp' is found, but is not used because the request credentials mode does not match. Consider taking a look at crossorigin attribute.
[LOG] [DG:tex] LOAD START 20250120_035637959_iOS.webp (concurrent: 2/2, queued: 7, cached: 0)
[WARNING] A preload for 'http://localhost:4321/files/blog/diary/25-01-tokyo/assets/20250120_035637959_iOS.webp' is found, but is not used because the request credentials mode does not match. Consider taking a look at crossorigin attribute.
[LOG] [DG:tex] FETCHED 20250120_035637959_iOS.webp 4284x5712 (3ms)
[LOG] [DG:tex] createImageBitmap 4284x5712 → 144x192 (228.7ms)
[LOG] [DG:tex] DONE 20250120_035637959_iOS.webp final=144x192 vram≈0.11MB (232ms, remaining: 2)
[LOG] [DG:tex] LOAD START 20250120_045235359_iOS.webp (concurrent: 2/2, queued: 6, cached: 1)
[WARNING] A preload for 'http://localhost:4321/files/blog/diary/25-01-tokyo/assets/20250120_045235359_iOS.webp' is found, but is not used because the request credentials mode does not match. Consider taking a look at crossorigin attribute.
[LOG] [DG:plane] #1 LOADED 20250120_035637959_iOS.webp (235ms)
[LOG] [DG:tex] FETCHED 20250120_020826538_iOS.webp 4284x5712 (236ms)
[LOG] [DG:tex] createImageBitmap 4284x5712 → 144x192 (120.1ms)
[LOG] [DG:tex] DONE 20250120_020826538_iOS.webp final=144x192 vram≈0.11MB (356ms, remaining: 2)
[LOG] [DG:tex] LOAD START 20250120_045428486_iOS.webp (concurrent: 2/2, queued: 5, cached: 2)
[WARNING] A preload for 'http://localhost:4321/files/blog/diary/25-01-tokyo/assets/20250120_045428486_iOS.webp' is found, but is not used because the request credentials mode does not match. Consider taking a look at crossorigin attribute.
[LOG] [DG:plane] #0 LOADED 20250120_020826538_iOS.webp (359ms)
[LOG] [DG:tex] FETCHED 20250120_045235359_iOS.webp 4284x5712 (129ms)
[LOG] [DG:tex] createImageBitmap 4284x5712 → 144x192 (210.8ms)
[LOG] [DG:tex] DONE 20250120_045235359_iOS.webp final=144x192 vram≈0.11MB (340ms, remaining: 2)
[LOG] [DG:tex] LOAD START 20250120_063147954_iOS.webp (concurrent: 2/2, queued: 4, cached: 3)
[WARNING] A preload for 'http://localhost:4321/files/blog/diary/25-01-tokyo/assets/20250120_063147954_iOS.webp' is found, but is not used because the request credentials mode does not match. Consider taking a look at crossorigin attribute.
[LOG] [DG:plane] #2 LOADED 20250120_045235359_iOS.webp (574ms)
[LOG] [DG:load] 2/9 (total: 20, allLoaded: false)
[LOG] [DG:tex] FETCHED 20250120_045428486_iOS.webp 4284x5712 (221ms)
[LOG] [DG:tex] createImageBitmap 4284x5712 → 144x192 (172.8ms)
[LOG] [DG:tex] DONE 20250120_045428486_iOS.webp final=144x192 vram≈0.11MB (394ms, remaining: 2)
[LOG] [DG:tex] LOAD START 20250120_052312067_iOS.webp (concurrent: 2/2, queued: 3, cached: 4)
[WARNING] A preload for 'http://localhost:4321/files/blog/diary/25-01-tokyo/assets/20250120_052312067_iOS.webp' is found, but is not used because the request credentials mode does not match. Consider taking a look at crossorigin attribute.
[LOG] [DG:plane] #3 LOADED 20250120_045428486_iOS.webp (752ms)
[LOG] [DG:load] 3/9 (total: 20, allLoaded: false)
[LOG] [DG:tex] FETCHED 20250120_063147954_iOS.webp 4032x3024 (182ms)
[LOG] [DG:tex] createImageBitmap 4032x3024 → 192x144 (65.5ms)
[LOG] [DG:tex] DONE 20250120_063147954_iOS.webp final=192x144 vram≈0.11MB (248ms, remaining: 2)
[LOG] [DG:tex] LOAD START 20250120_052645307_iOS.webp (concurrent: 2/2, queued: 2, cached: 5)
[WARNING] A preload for 'http://localhost:4321/files/blog/diary/25-01-tokyo/assets/20250120_052645307_iOS.webp' is found, but is not used because the request credentials mode does not match. Consider taking a look at crossorigin attribute.
[LOG] [DG:plane] #4 LOADED 20250120_063147954_iOS.webp (822ms)
[LOG] [DG:load] 4/9 (total: 20, allLoaded: false)
[LOG] [DG:tex] FETCHED 20250120_052312067_iOS.webp 5712x4284 (75ms)
[LOG] [DG:tex] createImageBitmap 5712x4284 → 192x144 (136.4ms)
[LOG] [DG:tex] DONE 20250120_052312067_iOS.webp final=192x144 vram≈0.11MB (212ms, remaining: 2)
[LOG] [DG:tex] LOAD START 20250120_055227328_iOS.webp (concurrent: 2/2, queued: 1, cached: 6)
[WARNING] A preload for 'http://localhost:4321/files/blog/diary/25-01-tokyo/assets/20250120_055227328_iOS.webp' is found, but is not used because the request credentials mode does not match. Consider taking a look at crossorigin attribute.
[LOG] [DG:plane] #5 LOADED 20250120_052312067_iOS.webp (963ms)
[LOG] [DG:tex] FETCHED 20250120_052645307_iOS.webp 4284x5712 (144ms)
[LOG] [DG:tex] createImageBitmap 4284x5712 → 144x192 (149.2ms)
[LOG] [DG:tex] DONE 20250120_052645307_iOS.webp final=144x192 vram≈0.11MB (294ms, remaining: 2)
[LOG] [DG:tex] LOAD START 20250120_071735381_iOS.webp (concurrent: 2/2, queued: 0, cached: 7)
[LOG] [DG:plane] #6 LOADED 20250120_052645307_iOS.webp (1116ms)
[LOG] [DG:load] 5/9 (total: 20, allLoaded: false)
[LOG] [DG:tex] FETCHED 20250120_055227328_iOS.webp 5712x4284 (157ms)
[LOG] [DG:tex] createImageBitmap 5712x4284 → 192x144 (140.7ms)
[LOG] [DG:tex] DONE 20250120_055227328_iOS.webp final=192x144 vram≈0.11MB (298ms, remaining: 1)
[LOG] [DG:plane] #7 LOADED 20250120_055227328_iOS.webp (1261ms)
[LOG] [DG:tex] FETCHED 20250120_071735381_iOS.webp 4284x5712 (147ms)
[LOG] [DG:tex] createImageBitmap 4284x5712 → 144x192 (208.8ms)
[LOG] [DG:tex] DONE 20250120_071735381_iOS.webp final=144x192 vram≈0.11MB (356ms, remaining: 0)
[LOG] [DG:plane] #8 LOADED 20250120_071735381_iOS.webp (1471ms)
[LOG] [DG:load] 7/9 (total: 20, allLoaded: false)
[LOG] [DG:text] parsed 3 sections from children
[LOG] [DG:load] 9/9 (total: 20, allLoaded: true)
[LOG] [DG:gate] allLoaded=true → expanding to 1540vh, scrollIntoView
[LOG] [DG:gate] scrollIntoView done (0.1ms)
[LOG] [DG:scroll] SECTION CHANGE 2 → 0 at progress=0.0165
[LOG] [DG:scroll] 2 callbacks in last 2s (progress=0.0165)
[LOG] [DG:text] section transition 2 → 0 (AnimatePresence mode="wait" will block)
[TEST] Gallery scroll step 1/15 (scrollY=2436.5)
[TEST] Gallery scroll step 2/15 (scrollY=2636.5)
[LOG] [DG:scroll] 2 callbacks in last 2s (progress=0.0494)
[TEST] Gallery scroll step 3/15 (scrollY=2836.5)
[TEST] Gallery scroll step 4/15 (scrollY=3036.5)
[LOG] [DG:scroll] 2 callbacks in last 2s (progress=0.0823)
[TEST] Gallery scroll step 5/15 (scrollY=3236.5)
[TEST] Gallery scroll step 6/15 (scrollY=3436.5)
[TEST] Gallery scroll step 7/15 (scrollY=3636.5)
[LOG] [DG:scroll] 3 callbacks in last 2s (progress=0.1317)
[TEST] Gallery scroll step 8/15 (scrollY=3836.5)
[TEST] Gallery scroll step 9/15 (scrollY=4036.5)
[LOG] [DG:scroll] 2 callbacks in last 2s (progress=0.1646)
[TEST] Gallery scroll step 10/15 (scrollY=4236.5)
[TEST] Gallery scroll step 11/15 (scrollY=4436.5)
[TEST] Gallery scroll step 12/15 (scrollY=4636.5)
[LOG] [DG:scroll] 3 callbacks in last 2s (progress=0.2140)
[TEST] Gallery scroll step 13/15 (scrollY=4836.5)
[TEST] Gallery scroll step 14/15 (scrollY=5036.5)
[LOG] [DG:scroll] 2 callbacks in last 2s (progress=0.2469)
[TEST] Gallery scroll step 15/15 (scrollY=5236.5)

=== TEST ENDED ===
